// Jest Snapshot v1, https://goo.gl/fbAQLP

exports[`IncidentDetailsTemplate should render correctly 1`] = `
<DocumentFragment>
  <div
    class="styledComponents__Wrapper-sc-xov27h-0 ilxTRF"
  >
    <div
      class="ant-page-header has-breadcrumb ant-page-header-ghost"
    >
      <nav
        class="ant-breadcrumb"
      >
        <ol>
          <li>
            <span
              class="ant-breadcrumb-link"
            >
              <a
                href="/t/undefined/analytics/incidents"
              >
                Incidents
              </a>
            </span>
            <span
              class="ant-breadcrumb-separator"
            >
              /
            </span>
          </li>
          <li>
            <span
              class="ant-breadcrumb-link"
            >
               
            </span>
            <span
              class="ant-breadcrumb-separator"
            >
              /
            </span>
          </li>
        </ol>
      </nav>
      <div
        class="ant-page-header-heading"
      >
        <div
          class="ant-page-header-heading-left"
        >
          <span
            class="ant-page-header-heading-title"
          >
            <h1
              class="ant-typography"
            >
              Incident Details
            </h1>
            <span
              class="styledComponents__Pill-sc-j61ge1-0 fpazJI"
              type="P3"
            >
              P3
            </span>
          </span>
          <span
            class="ant-page-header-heading-sub-title"
          >
            <p>
              EAP failures are unusually high in Access Point: RuckusAP (70:CA:97:01:A0:C0)
            </p>
          </span>
        </div>
      </div>
    </div>
  </div>
  <div
    class="ant-row"
    style="margin: -10px -10px -10px -10px;"
  >
    <div
      class="ant-col ant-col-4"
      style="padding: 10px 10px 10px 10px;"
    >
      <div
        class="styledComponents__FixedAutoSizer-sc-cwxgii-0 eRhgSF"
        style="overflow: visible; height: 0px; width: 0px;"
      >
        <div
          style="width: -20px;"
        >
          <div
            data-testid="incidentAttributes"
          />
        </div>
      </div>
      <div
        class="resize-triggers"
      >
        <div
          class="expand-trigger"
        >
          <div
            style="width: 1px; height: 1px;"
          />
        </div>
        <div
          class="contract-trigger"
        />
      </div>
    </div>
    <div
      class="ant-col ant-col-20"
      style="padding: 10px 10px 10px 10px;"
    >
      <div
        class="ant-row"
        style="margin: -10px -10px -10px -10px;"
      >
        <div
          class="ant-col ant-col-24"
          style="padding: 10px 10px 10px 10px;"
        >
          <div
            class="styledComponents__InsightComponent-sc-117mefi-0 bPTtMu"
          >
            <div
              class="styledComponents__InsightHeader-sc-117mefi-1 eUsZde"
            >
              <svg>
                BulbOutlined.svg
              </svg>
              <div
                class="styledComponents__InsightTitle-sc-117mefi-4 cZoUaT"
              >
                <h3
                  class="ant-typography"
                >
                  Insights
                </h3>
              </div>
            </div>
            <div
              class="ant-row"
            >
              <div
                class="ant-col ant-col-12 styledComponents__LeftInsightDetails-sc-117mefi-2 hprICq"
              >
                <h4
                  class="ant-typography styledComponents__Subtitle-sc-tz062a-0 fPbHyn"
                >
                  Root Cause Analysis
                </h4>
                <p>
                  The connection was not completed because the client has left, or is leaving, the network.
                </p>
              </div>
              <div
                class="ant-col ant-col-12 styledComponents__RightInsightDetails-sc-117mefi-3 cVAiGK"
              >
                <h4
                  class="ant-typography styledComponents__Subtitle-sc-tz062a-0 fPbHyn"
                >
                  Recommended Action
                </h4>
                <p>
                  This problem should be a transient issue in a network if many clients leave at the same time; but, it is usually associated with disconnect events, and should not impact connection attempts. If it does, this may be a data issue that can be reported to RUCKUS Support if it persists in your network.
                </p>
              </div>
            </div>
          </div>
        </div>
        <div
          class="ant-col ant-col-24"
          style="padding: 10px 10px 10px 10px;"
        >
          <div>
            network impact
          </div>
        </div>
        <div
          class="ant-col ant-col-24"
          style="padding: 10px 10px 10px 10px;"
        >
          <div>
            time series section
          </div>
        </div>
      </div>
    </div>
  </div>
</DocumentFragment>
`;
