// Jest Snapshot v1, https://goo.gl/fbAQLP

exports[`Import CSV Drawer should render correctly 1`] = `
<div
  aria-modal="true"
  class="ant-drawer-content"
  role="dialog"
>
  <div
    class="ant-drawer-wrapper-body"
  >
    <div
      class="ant-drawer-header"
    >
      <div
        class="ant-drawer-header-title"
      >
        <button
          aria-label="Close"
          class="ant-drawer-close"
          type="button"
        >
          <svg
            data-testid="CloseSymbol"
          />
        </button>
        <div
          class="ant-drawer-title"
        >
          <div
            class="sc-hKMtZM lctlMc"
          >
            Import from file
          </div>
        </div>
      </div>
    </div>
    <div
      class="ant-drawer-body"
    >
      <span>
        <div
          class="ant-upload ant-upload-drag"
        >
          <span
            class="ant-upload ant-upload-btn"
            role="button"
            tabindex="0"
          >
            <input
              accept=".csv"
              style="display: none;"
              type="file"
            />
            <div
              class="ant-upload-drag-container"
            >
              <div
                class="ant-space ant-space-horizontal ant-space-align-center"
                style="height: 90px;"
              >
                <div
                  class="ant-space-item"
                  style="margin-right: 8px;"
                >
                  <span
                    class="ant-typography"
                  >
                    Drag & drop file here or
                  </span>
                </div>
                <div
                  class="ant-space-item"
                >
                  <button
                    class="ant-btn ant-btn-primary styledComponents__Button-sc-zk1lj8-0 ibsWZY"
                    type="button"
                  >
                    <span>
                      Browse
                    </span>
                  </button>
                </div>
              </div>
            </div>
          </span>
        </div>
      </span>
      <ul>
        <li>
          <a
            download=""
            href="#"
          >
            Download template
          </a>
        </li>
        <li>
          File format must be csv
        </li>
        <li>
          File may contain up to 512 entries
        </li>
        <li>
          File size cannot exceed 5 MB
        </li>
      </ul>
      <form
        class="ant-form ant-form-vertical"
      />
    </div>
    <div
      class="ant-drawer-footer"
    >
      <div>
        <button
          class="ant-btn ant-btn-primary styledComponents__Button-sc-zk1lj8-0 glXBEv"
          disabled=""
          type="button"
        >
          <span>
            Import
          </span>
        </button>
        <button
          class="ant-btn ant-btn-default styledComponents__Button-sc-zk1lj8-0 ibsWZY"
          type="button"
        >
          <span>
            Cancel
          </span>
        </button>
      </div>
    </div>
  </div>
</div>
`;
