// Jest Snapshot v1, https://goo.gl/fbAQLP

exports[`TopApplications should render correctly 1`] = `
.c1 {
  height: 100%;
  width: 100%;
}

.c1 .ant-card {
  height: 100%;
  display: -webkit-box;
  display: -webkit-flex;
  display: -ms-flexbox;
  display: flex;
  -webkit-flex-direction: column;
  -ms-flex-direction: column;
  flex-direction: column;
  border-radius: 8px;
  padding: 12px 16px;
  border: 1px solid var(--acx-neutrals-20);
  box-shadow: 0px 2px 4px rgba(51,51,51,0.08);
}

.c1 .ant-card-head {
  padding: 0;
  border-bottom: none;
  min-height: 0;
  margin-bottom: 10px;
}

.c1 .ant-card-head-title {
  padding: 0;
}

.c1 .ant-card-head-title .ant-space .ant-space-item:last-child {
  line-height: 0;
  z-index: 1;
}

.c1 .ant-card-head-wrapper {
  -webkit-align-items: start;
  -webkit-box-align: start;
  -ms-flex-align: start;
  align-items: start;
}

.c1 .ant-card-extra {
  padding: 0;
}

.c1 .ant-card-body {
  display: -webkit-box;
  display: -webkit-flex;
  display: -ms-flexbox;
  display: flex;
  -webkit-flex-direction: column;
  -ms-flex-direction: column;
  flex-direction: column;
  -webkit-box-flex: 1;
  -webkit-flex-grow: 1;
  -ms-flex-positive: 1;
  flex-grow: 1;
  padding: 0;
  font-size: var(--acx-body-4-font-size);
  line-height: var(--acx-body-4-line-height);
}

.c2 {
  font-family: var(--acx-accent-brand-font);
  font-size: var(--acx-headline-4-font-size);
  line-height: var(--acx-headline-4-line-height);
  color: var(--acx-primary-black);
  font-weight: var(--acx-headline-4-font-weight-bold);
  overflow: hidden;
  white-space: nowrap;
  text-overflow: ellipsis;
}

.c0 {
  position: relative;
  -webkit-flex: 1;
  -ms-flex: 1;
  flex: 1;
  display: -webkit-box;
  display: -webkit-flex;
  display: -ms-flexbox;
  display: flex;
  -webkit-flex-direction: column;
  -ms-flex-direction: column;
  flex-direction: column;
  height: 100%;
}

<div>
  <div
    class="c0"
  >
    <div
      class="c1"
      type="default"
    >
      <div
        class="ant-card"
      >
        <div
          class="ant-card-head"
        >
          <div
            class="ant-card-head-wrapper"
          >
            <div
              class="ant-card-head-title"
            >
              <div
                class="c2"
              >
                Top 10 Applications By Traffic Volume
              </div>
            </div>
            <div
              class="ant-card-extra"
            >
              <div
                class="ant-space ant-space-horizontal ant-space-align-center"
              />
            </div>
          </div>
        </div>
        <div
          class="ant-card-body"
        >
          <div
            style="overflow: visible; height: 0px; width: 0px;"
          >
            <div
              class="ant-space ant-space-vertical"
            >
              <div
                class="ant-space-item"
              >
                <div
                  class="echarts-for-react "
                  style="height: 800px; width: 1280px; position: relative;"
                >
                  <div
                    style="position: relative; overflow: hidden; width: 1280px; height: 800px;"
                  >
                    <svg
                      baseProfile="full"
                      height="800"
                      style="position:absolute;left:0;top:0;user-select:none"
                      version="1.1"
                      width="1280"
                      xmlns="http://www.w3.org/2000/svg"
                      xmlns:xlink="http://www.w3.org/1999/xlink"
                    >
                      <rect
                        fill="none"
                        fill-opacity="1"
                        height="800"
                        id="0"
                        width="1280"
                        x="0"
                        y="0"
                      />
                      <g>
                        <path
                          d="M586.3637 218.205L594.4908 212.3782L599.4908 212.3782"
                          fill="none"
                          stroke="#66B1E8"
                        />
                        <path
                          d="M511.9224 655.4587L517.6636 663.6465L522.6636 663.6465"
                          fill="none"
                          stroke="#EC7100"
                        />
                        <path
                          d="M187.5439 676.1244L182.8883 684.9745L177.8883 684.9745"
                          fill="none"
                          stroke="#F9C34B"
                        />
                        <path
                          d="M24.2507 446.2743L19.2941 447.7575L14.2941 447.7575"
                          fill="none"
                          stroke="#61C46E"
                        />
                        <path
                          d="M82.879 213.2288L79.8292 207.2425L74.8292 207.2425"
                          fill="none"
                          stroke="#F095FF"
                        />
                        <path
                          d="M195.7934 119.6909L132.9318 150.4157L129.2666 150.4157"
                          fill="none"
                          stroke="#4D4D4D"
                        />
                        <path
                          d="M265.4956 95.3459L153.7235 132.3157"
                          fill="none"
                          stroke="#3C84E0"
                        />
                        <path
                          d="M302.0149 89.5225L184.287 114.2157"
                          fill="none"
                          stroke="#F15854"
                        />
                        <path
                          d="M320.4691 88.2438L226.0809 96.1157"
                          fill="none"
                          stroke="#258D36"
                        />
                        <path
                          d="M329.7165 88.0152L329.6177 78.0157L324.6177 78.0157"
                          fill="none"
                          stroke="#A74EED"
                        />
                        <path
                          d="M332.8 88A312 312 0 0 1 628.2912 500.1446L567.6776 479.6021A248 248 0 0 0 332.8 152Z"
                          fill="#66B1E8"
                          stroke="#FFFFFF"
                          stroke-linejoin="round"
                        />
                        <path
                          d="M628.2912 500.1446A312 312 0 0 1 326.248 711.9312L327.592 647.9453A248 248 0 0 0 567.6776 479.6021Z"
                          fill="#EC7100"
                          stroke="#FFFFFF"
                          stroke-linejoin="round"
                        />
                        <path
                          d="M326.248 711.9312A312 312 0 0 1 79.4611 582.1082L131.428 544.7526A248 248 0 0 0 327.592 647.9453Z"
                          fill="#F9C34B"
                          stroke="#FFFFFF"
                          stroke-linejoin="round"
                        />
                        <path
                          d="M79.4611 582.1082A312 312 0 0 1 37.1853 300.2205L97.8242 320.6881A248 248 0 0 0 131.428 544.7526Z"
                          fill="#61C46E"
                          stroke="#FFFFFF"
                          stroke-linejoin="round"
                        />
                        <path
                          d="M37.1853 300.2205A312 312 0 0 1 153.3621 144.7628L190.1699 197.1191A248 248 0 0 0 97.8242 320.6881Z"
                          fill="#F095FF"
                          stroke="#FFFFFF"
                          stroke-linejoin="round"
                        />
                        <path
                          d="M153.3621 144.7628A312 312 0 0 1 241.6435 101.6135L260.3423 162.821A248 248 0 0 0 190.1699 197.1191Z"
                          fill="#4D4D4D"
                          stroke="#FFFFFF"
                          stroke-linejoin="round"
                        />
                        <path
                          d="M241.6435 101.6135A312 312 0 0 1 289.7682 90.9818L298.5952 154.3701A248 248 0 0 0 260.3423 162.821Z"
                          fill="#3C84E0"
                          stroke="#FFFFFF"
                          stroke-linejoin="round"
                        />
                        <path
                          d="M289.7682 90.9818A312 312 0 0 1 314.3097 88.5484L318.1026 152.4359A248 248 0 0 0 298.5952 154.3701Z"
                          fill="#F15854"
                          stroke="#FFFFFF"
                          stroke-linejoin="round"
                        />
                        <path
                          d="M314.3097 88.5484A312 312 0 0 1 326.6333 88.0609L327.8983 152.0484A248 248 0 0 0 318.1026 152.4359Z"
                          fill="#258D36"
                          stroke="#FFFFFF"
                          stroke-linejoin="round"
                        />
                        <path
                          d="M326.6333 88.0609A312 312 0 0 1 332.8 88L332.8 152A248 248 0 0 0 327.8983 152.0484Z"
                          fill="#A74EED"
                          stroke="#FFFFFF"
                          stroke-linejoin="round"
                        />
                        <path
                          d="M0 -8l4 0l0 16l-4 0Z"
                          fill="none"
                          transform="translate(604.4908 212.3782)"
                        />
                        <text
                          dominant-baseline="central"
                          fill="#333333"
                          style="font: normal 400 12px 'Open Sans', sans-serif"
                          text-anchor="start"
                          transform="translate(604.4908 212.3782)"
                          xml:space="preserve"
                        >
                          3 GB
                        </text>
                        <path
                          d="M0 -8l4 0l0 16l-4 0Z"
                          fill="none"
                          transform="translate(527.6636 663.6465)"
                        />
                        <text
                          dominant-baseline="central"
                          fill="#333333"
                          style="font: normal 400 12px 'Open Sans', sans-serif"
                          text-anchor="start"
                          transform="translate(527.6636 663.6465)"
                          xml:space="preserve"
                        >
                          2 GB
                        </text>
                        <path
                          d="M-7 -8l7 0l0 16l-7 0Z"
                          fill="none"
                          transform="translate(172.8883 684.9745)"
                        />
                        <text
                          dominant-baseline="central"
                          fill="#333333"
                          style="font: normal 400 12px 'Open Sans', sans-serif"
                          text-anchor="end"
                          transform="translate(172.8883 684.9745)"
                          xml:space="preserve"
                        >
                          1.46 GB
                        </text>
                        <path
                          d="M0.7059 -8l-0.7059 0l0 16l0.7059 0Z"
                          fill="none"
                          transform="translate(9.2941 447.7575)"
                        />
                        <path
                          d="M-4 -8l4 0l0 16l-4 0Z"
                          fill="none"
                          transform="translate(69.8292 207.2425)"
                        />
                        <text
                          dominant-baseline="central"
                          fill="#333333"
                          style="font: normal 400 12px 'Open Sans', sans-serif"
                          text-anchor="end"
                          transform="translate(69.8292 207.2425)"
                          xml:space="preserve"
                        >
                          1 GB
                        </text>
                        <path
                          d="M-6 -8l6 0l0 16l-6 0Z"
                          fill="none"
                          transform="translate(124.2666 150.4157)"
                        />
                        <text
                          dominant-baseline="central"
                          fill="#333333"
                          style="font: normal 400 12px 'Open Sans', sans-serif"
                          text-anchor="end"
                          transform="translate(124.2666 150.4157)"
                          xml:space="preserve"
                        >
                          512 MB
                        </text>
                        <path
                          d="M-6 -8l6 0l0 16l-6 0Z"
                          fill="none"
                          transform="translate(148.7235 132.3157)"
                        />
                        <text
                          dominant-baseline="central"
                          fill="#333333"
                          style="font: normal 400 12px 'Open Sans', sans-serif"
                          text-anchor="end"
                          transform="translate(148.7235 132.3157)"
                          xml:space="preserve"
                        >
                          256 MB
                        </text>
                        <path
                          d="M-6 -8l6 0l0 16l-6 0Z"
                          fill="none"
                          transform="translate(179.287 114.2157)"
                        />
                        <text
                          dominant-baseline="central"
                          fill="#333333"
                          style="font: normal 400 12px 'Open Sans', sans-serif"
                          text-anchor="end"
                          transform="translate(179.287 114.2157)"
                          xml:space="preserve"
                        >
                          128 MB
                        </text>
                        <path
                          d="M-5 -8l5 0l0 16l-5 0Z"
                          fill="none"
                          transform="translate(221.0809 96.1157)"
                        />
                        <text
                          dominant-baseline="central"
                          fill="#333333"
                          style="font: normal 400 12px 'Open Sans', sans-serif"
                          text-anchor="end"
                          transform="translate(221.0809 96.1157)"
                          xml:space="preserve"
                        >
                          64 MB
                        </text>
                        <path
                          d="M-5 -8l5 0l0 16l-5 0Z"
                          fill="none"
                          transform="translate(319.6177 78.0157)"
                        />
                        <text
                          dominant-baseline="central"
                          fill="#333333"
                          style="font: normal 400 12px 'Open Sans', sans-serif"
                          text-anchor="end"
                          transform="translate(319.6177 78.0157)"
                          xml:space="preserve"
                        >
                          32 MB
                        </text>
                        <path
                          d="M-5 -5l45 0l0 242l-45 0Z"
                          fill="rgb(0,0,0)"
                          fill-opacity="0"
                          stroke="#ccc"
                          stroke-width="0"
                          transform="translate(645 284)"
                        />
                        <path
                          d="M8 4A4 4 0 1 1 8 3.9996"
                          fill="#66B1E8"
                          stroke="#FFFFFF"
                          stroke-linecap="butt"
                          stroke-linejoin="round"
                          stroke-miterlimit="10"
                          stroke-width="0"
                          transform="translate(645 288)"
                        />
                        <path
                          d="M13 -4l13 0l0 16l-13 0Z"
                          fill="none"
                          transform="translate(645 288)"
                        />
                        <path
                          d="M13 3.5l8 0l0 1l-8 0Z"
                          fill="none"
                          transform="translate(645 288)"
                        />
                        <text
                          dominant-baseline="central"
                          fill="#333333"
                          style="font-size:10px;font-family:'Open Sans', sans-serif;font-weight:400;"
                          text-anchor="start"
                          transform="translate(645 288)"
                          x="13"
                          y="4"
                        >
                          Netflix:
                        </text>
                        <text
                          dominant-baseline="central"
                          fill="#333333"
                          style="font: normal NaN 10px 'Open Sans', sans-serif"
                          text-anchor="start"
                          transform="translate(645 288)"
                          x="21"
                          xml:space="preserve"
                          y="4"
                        >
                           
                        </text>
                        <path
                          d="M22 3.5l4 0l0 1l-4 0Z"
                          fill="none"
                          transform="translate(645 288)"
                        />
                        <text
                          dominant-baseline="central"
                          fill="#333333"
                          style="font-size:10px;font-family:'Open Sans', sans-serif;font-weight:700;"
                          text-anchor="start"
                          transform="translate(645 288)"
                          x="22"
                          xml:space="preserve"
                          y="4"
                        >
                          3 GB
                        </text>
                        <path
                          d="M8 4A4 4 0 1 1 8 3.9996"
                          fill="#EC7100"
                          stroke="#FFFFFF"
                          stroke-linecap="butt"
                          stroke-linejoin="round"
                          stroke-miterlimit="10"
                          stroke-width="0"
                          transform="translate(645 312)"
                        />
                        <path
                          d="M13 -4l21 0l0 16l-21 0Z"
                          fill="none"
                          transform="translate(645 312)"
                        />
                        <path
                          d="M13 3.5l16 0l0 1l-16 0Z"
                          fill="none"
                          transform="translate(645 312)"
                        />
                        <text
                          dominant-baseline="central"
                          fill="#333333"
                          style="font-size:10px;font-family:'Open Sans', sans-serif;font-weight:400;"
                          text-anchor="start"
                          transform="translate(645 312)"
                          x="13"
                          xml:space="preserve"
                          y="4"
                        >
                          Microsoft Teams:
                        </text>
                        <text
                          dominant-baseline="central"
                          fill="#333333"
                          style="font: normal NaN 10px 'Open Sans', sans-serif"
                          text-anchor="start"
                          transform="translate(645 312)"
                          x="29"
                          xml:space="preserve"
                          y="4"
                        >
                           
                        </text>
                        <path
                          d="M30 3.5l4 0l0 1l-4 0Z"
                          fill="none"
                          transform="translate(645 312)"
                        />
                        <text
                          dominant-baseline="central"
                          fill="#333333"
                          style="font-size:10px;font-family:'Open Sans', sans-serif;font-weight:700;"
                          text-anchor="start"
                          transform="translate(645 312)"
                          x="30"
                          xml:space="preserve"
                          y="4"
                        >
                          2 GB
                        </text>
                        <path
                          d="M8 4A4 4 0 1 1 8 3.9996"
                          fill="#F9C34B"
                          stroke="#FFFFFF"
                          stroke-linecap="butt"
                          stroke-linejoin="round"
                          stroke-miterlimit="10"
                          stroke-width="0"
                          transform="translate(645 336)"
                        />
                        <path
                          d="M13 -4l22 0l0 16l-22 0Z"
                          fill="none"
                          transform="translate(645 336)"
                        />
                        <path
                          d="M13 3.5l14 0l0 1l-14 0Z"
                          fill="none"
                          transform="translate(645 336)"
                        />
                        <text
                          dominant-baseline="central"
                          fill="#333333"
                          style="font-size:10px;font-family:'Open Sans', sans-serif;font-weight:400;"
                          text-anchor="start"
                          transform="translate(645 336)"
                          x="13"
                          xml:space="preserve"
                          y="4"
                        >
                          Google Chrome:
                        </text>
                        <text
                          dominant-baseline="central"
                          fill="#333333"
                          style="font: normal NaN 10px 'Open Sans', sans-serif"
                          text-anchor="start"
                          transform="translate(645 336)"
                          x="27"
                          xml:space="preserve"
                          y="4"
                        >
                           
                        </text>
                        <path
                          d="M28 3.5l7 0l0 1l-7 0Z"
                          fill="none"
                          transform="translate(645 336)"
                        />
                        <text
                          dominant-baseline="central"
                          fill="#333333"
                          style="font-size:10px;font-family:'Open Sans', sans-serif;font-weight:700;"
                          text-anchor="start"
                          transform="translate(645 336)"
                          x="28"
                          xml:space="preserve"
                          y="4"
                        >
                          1.46 GB
                        </text>
                        <path
                          d="M8 4A4 4 0 1 1 8 3.9996"
                          fill="#61C46E"
                          stroke="#FFFFFF"
                          stroke-linecap="butt"
                          stroke-linejoin="round"
                          stroke-miterlimit="10"
                          stroke-width="0"
                          transform="translate(645 360)"
                        />
                        <path
                          d="M13 -4l15 0l0 16l-15 0Z"
                          fill="none"
                          transform="translate(645 360)"
                        />
                        <path
                          d="M13 3.5l8 0l0 1l-8 0Z"
                          fill="none"
                          transform="translate(645 360)"
                        />
                        <text
                          dominant-baseline="central"
                          fill="#333333"
                          style="font-size:10px;font-family:'Open Sans', sans-serif;font-weight:400;"
                          text-anchor="start"
                          transform="translate(645 360)"
                          x="13"
                          y="4"
                        >
                          YouTube:
                        </text>
                        <text
                          dominant-baseline="central"
                          fill="#333333"
                          style="font: normal NaN 10px 'Open Sans', sans-serif"
                          text-anchor="start"
                          transform="translate(645 360)"
                          x="21"
                          xml:space="preserve"
                          y="4"
                        >
                           
                        </text>
                        <path
                          d="M22 3.5l6 0l0 1l-6 0Z"
                          fill="none"
                          transform="translate(645 360)"
                        />
                        <text
                          dominant-baseline="central"
                          fill="#333333"
                          style="font-size:10px;font-family:'Open Sans', sans-serif;font-weight:700;"
                          text-anchor="start"
                          transform="translate(645 360)"
                          x="22"
                          xml:space="preserve"
                          y="4"
                        >
                          1.5 GB
                        </text>
                        <path
                          d="M8 4A4 4 0 1 1 8 3.9996"
                          fill="#F095FF"
                          stroke="#FFFFFF"
                          stroke-linecap="butt"
                          stroke-linejoin="round"
                          stroke-miterlimit="10"
                          stroke-width="0"
                          transform="translate(645 384)"
                        />
                        <path
                          d="M13 -4l10 0l0 16l-10 0Z"
                          fill="none"
                          transform="translate(645 384)"
                        />
                        <path
                          d="M13 3.5l5 0l0 1l-5 0Z"
                          fill="none"
                          transform="translate(645 384)"
                        />
                        <text
                          dominant-baseline="central"
                          fill="#333333"
                          style="font-size:10px;font-family:'Open Sans', sans-serif;font-weight:400;"
                          text-anchor="start"
                          transform="translate(645 384)"
                          x="13"
                          y="4"
                        >
                          Zoom:
                        </text>
                        <text
                          dominant-baseline="central"
                          fill="#333333"
                          style="font: normal NaN 10px 'Open Sans', sans-serif"
                          text-anchor="start"
                          transform="translate(645 384)"
                          x="18"
                          xml:space="preserve"
                          y="4"
                        >
                           
                        </text>
                        <path
                          d="M19 3.5l4 0l0 1l-4 0Z"
                          fill="none"
                          transform="translate(645 384)"
                        />
                        <text
                          dominant-baseline="central"
                          fill="#333333"
                          style="font-size:10px;font-family:'Open Sans', sans-serif;font-weight:700;"
                          text-anchor="start"
                          transform="translate(645 384)"
                          x="19"
                          xml:space="preserve"
                          y="4"
                        >
                          1 GB
                        </text>
                        <path
                          d="M8 4A4 4 0 1 1 8 3.9996"
                          fill="#4D4D4D"
                          stroke="#FFFFFF"
                          stroke-linecap="butt"
                          stroke-linejoin="round"
                          stroke-miterlimit="10"
                          stroke-width="0"
                          transform="translate(645 408)"
                        />
                        <path
                          d="M13 -4l13 0l0 16l-13 0Z"
                          fill="none"
                          transform="translate(645 408)"
                        />
                        <path
                          d="M13 3.5l6 0l0 1l-6 0Z"
                          fill="none"
                          transform="translate(645 408)"
                        />
                        <text
                          dominant-baseline="central"
                          fill="#333333"
                          style="font-size:10px;font-family:'Open Sans', sans-serif;font-weight:400;"
                          text-anchor="start"
                          transform="translate(645 408)"
                          x="13"
                          y="4"
                        >
                          Slack:
                        </text>
                        <text
                          dominant-baseline="central"
                          fill="#333333"
                          style="font: normal NaN 10px 'Open Sans', sans-serif"
                          text-anchor="start"
                          transform="translate(645 408)"
                          x="19"
                          xml:space="preserve"
                          y="4"
                        >
                           
                        </text>
                        <path
                          d="M20 3.5l6 0l0 1l-6 0Z"
                          fill="none"
                          transform="translate(645 408)"
                        />
                        <text
                          dominant-baseline="central"
                          fill="#333333"
                          style="font-size:10px;font-family:'Open Sans', sans-serif;font-weight:700;"
                          text-anchor="start"
                          transform="translate(645 408)"
                          x="20"
                          xml:space="preserve"
                          y="4"
                        >
                          512 MB
                        </text>
                        <path
                          d="M8 4A4 4 0 1 1 8 3.9996"
                          fill="#3C84E0"
                          stroke="#FFFFFF"
                          stroke-linecap="butt"
                          stroke-linejoin="round"
                          stroke-miterlimit="10"
                          stroke-width="0"
                          transform="translate(645 432)"
                        />
                        <path
                          d="M13 -4l16 0l0 16l-16 0Z"
                          fill="none"
                          transform="translate(645 432)"
                        />
                        <path
                          d="M13 3.5l9 0l0 1l-9 0Z"
                          fill="none"
                          transform="translate(645 432)"
                        />
                        <text
                          dominant-baseline="central"
                          fill="#333333"
                          style="font-size:10px;font-family:'Open Sans', sans-serif;font-weight:400;"
                          text-anchor="start"
                          transform="translate(645 432)"
                          x="13"
                          y="4"
                        >
                          WhatsApp:
                        </text>
                        <text
                          dominant-baseline="central"
                          fill="#333333"
                          style="font: normal NaN 10px 'Open Sans', sans-serif"
                          text-anchor="start"
                          transform="translate(645 432)"
                          x="22"
                          xml:space="preserve"
                          y="4"
                        >
                           
                        </text>
                        <path
                          d="M23 3.5l6 0l0 1l-6 0Z"
                          fill="none"
                          transform="translate(645 432)"
                        />
                        <text
                          dominant-baseline="central"
                          fill="#333333"
                          style="font-size:10px;font-family:'Open Sans', sans-serif;font-weight:700;"
                          text-anchor="start"
                          transform="translate(645 432)"
                          x="23"
                          xml:space="preserve"
                          y="4"
                        >
                          256 MB
                        </text>
                        <path
                          d="M8 4A4 4 0 1 1 8 3.9996"
                          fill="#F15854"
                          stroke="#FFFFFF"
                          stroke-linecap="butt"
                          stroke-linejoin="round"
                          stroke-miterlimit="10"
                          stroke-width="0"
                          transform="translate(645 456)"
                        />
                        <path
                          d="M13 -4l15 0l0 16l-15 0Z"
                          fill="none"
                          transform="translate(645 456)"
                        />
                        <path
                          d="M13 3.5l8 0l0 1l-8 0Z"
                          fill="none"
                          transform="translate(645 456)"
                        />
                        <text
                          dominant-baseline="central"
                          fill="#333333"
                          style="font-size:10px;font-family:'Open Sans', sans-serif;font-weight:400;"
                          text-anchor="start"
                          transform="translate(645 456)"
                          x="13"
                          y="4"
                        >
                          Spotify:
                        </text>
                        <text
                          dominant-baseline="central"
                          fill="#333333"
                          style="font: normal NaN 10px 'Open Sans', sans-serif"
                          text-anchor="start"
                          transform="translate(645 456)"
                          x="21"
                          xml:space="preserve"
                          y="4"
                        >
                           
                        </text>
                        <path
                          d="M22 3.5l6 0l0 1l-6 0Z"
                          fill="none"
                          transform="translate(645 456)"
                        />
                        <text
                          dominant-baseline="central"
                          fill="#333333"
                          style="font-size:10px;font-family:'Open Sans', sans-serif;font-weight:700;"
                          text-anchor="start"
                          transform="translate(645 456)"
                          x="22"
                          xml:space="preserve"
                          y="4"
                        >
                          128 MB
                        </text>
                        <path
                          d="M8 4A4 4 0 1 1 8 3.9996"
                          fill="#258D36"
                          stroke="#FFFFFF"
                          stroke-linecap="butt"
                          stroke-linejoin="round"
                          stroke-miterlimit="10"
                          stroke-width="0"
                          transform="translate(645 480)"
                        />
                        <path
                          d="M13 -4l15 0l0 16l-15 0Z"
                          fill="none"
                          transform="translate(645 480)"
                        />
                        <path
                          d="M13 3.5l9 0l0 1l-9 0Z"
                          fill="none"
                          transform="translate(645 480)"
                        />
                        <text
                          dominant-baseline="central"
                          fill="#333333"
                          style="font-size:10px;font-family:'Open Sans', sans-serif;font-weight:400;"
                          text-anchor="start"
                          transform="translate(645 480)"
                          x="13"
                          y="4"
                        >
                          Telegram:
                        </text>
                        <text
                          dominant-baseline="central"
                          fill="#333333"
                          style="font: normal NaN 10px 'Open Sans', sans-serif"
                          text-anchor="start"
                          transform="translate(645 480)"
                          x="22"
                          xml:space="preserve"
                          y="4"
                        >
                           
                        </text>
                        <path
                          d="M23 3.5l5 0l0 1l-5 0Z"
                          fill="none"
                          transform="translate(645 480)"
                        />
                        <text
                          dominant-baseline="central"
                          fill="#333333"
                          style="font-size:10px;font-family:'Open Sans', sans-serif;font-weight:700;"
                          text-anchor="start"
                          transform="translate(645 480)"
                          x="23"
                          xml:space="preserve"
                          y="4"
                        >
                          64 MB
                        </text>
                        <path
                          d="M8 4A4 4 0 1 1 8 3.9996"
                          fill="#A74EED"
                          stroke="#FFFFFF"
                          stroke-linecap="butt"
                          stroke-linejoin="round"
                          stroke-miterlimit="10"
                          stroke-width="0"
                          transform="translate(645 504)"
                        />
                        <path
                          d="M13 -4l14 0l0 16l-14 0Z"
                          fill="none"
                          transform="translate(645 504)"
                        />
                        <path
                          d="M13 3.5l8 0l0 1l-8 0Z"
                          fill="none"
                          transform="translate(645 504)"
                        />
                        <text
                          dominant-baseline="central"
                          fill="#333333"
                          style="font-size:10px;font-family:'Open Sans', sans-serif;font-weight:400;"
                          text-anchor="start"
                          transform="translate(645 504)"
                          x="13"
                          y="4"
                        >
                          Discord:
                        </text>
                        <text
                          dominant-baseline="central"
                          fill="#333333"
                          style="font: normal NaN 10px 'Open Sans', sans-serif"
                          text-anchor="start"
                          transform="translate(645 504)"
                          x="21"
                          xml:space="preserve"
                          y="4"
                        >
                           
                        </text>
                        <path
                          d="M22 3.5l5 0l0 1l-5 0Z"
                          fill="none"
                          transform="translate(645 504)"
                        />
                        <text
                          dominant-baseline="central"
                          fill="#333333"
                          style="font-size:10px;font-family:'Open Sans', sans-serif;font-weight:700;"
                          text-anchor="start"
                          transform="translate(645 504)"
                          x="22"
                          xml:space="preserve"
                          y="4"
                        >
                          32 MB
                        </text>
                        <path
                          d="M-8.5 -5l17 0l0 34l-17 0Z"
                          fill="rgb(0,0,0)"
                          fill-opacity="0"
                          stroke="#ccc"
                          stroke-width="0"
                          transform="translate(325 388)"
                        />
                        <path
                          d="M0 0l0 0l0 0l0 0Z"
                          fill="none"
                          transform="translate(325 388)"
                        />
                        <path
                          d="M-3.5 4l7 0l0 20l-7 0Z"
                          fill="none"
                          transform="translate(325 388)"
                        />
                        <text
                          dominant-baseline="central"
                          fill="#333333"
                          style="font-size:16px;font-family:'Montserrat', sans-serif;font-weight:600;"
                          text-anchor="middle"
                          transform="translate(325 388)"
                          xml:space="preserve"
                          y="14"
                        >
                          9.93 GB
                        </text>
                      </g>
                    </svg>
                  </div>
                  <div
                    class=""
                  />
                  <object
                    class="size-sensor-object"
                    data="about:blank"
                    style="display: block; position: absolute; top: 0px; left: 0px; height: 100%; width: 100%; overflow: hidden; pointer-events: none; z-index: -1; opacity: 0;"
                    tabindex="-1"
                    type="text/html"
                  />
                </div>
              </div>
            </div>
          </div>
          <div
            class="resize-triggers"
          >
            <div
              class="expand-trigger"
            >
              <div
                style="width: 1281px; height: 801px;"
              />
            </div>
            <div
              class="contract-trigger"
            />
          </div>
        </div>
      </div>
    </div>
  </div>
</div>
`;
