// Jest Snapshot v1, https://goo.gl/fbAQLP

exports[`DPSKSummary should render the summary 1`] = `
<DocumentFragment>
  <form
    class="ant-form ant-form-horizontal"
  >
    <h3
      class="ant-typography styledComponents__Title-sc-1ibvcih-3 dConwg"
    >
      Summary
    </h3>
    <div
      class="ant-row"
    >
      <div
        class="ant-col ant-col-24"
      >
        <h4
          class="ant-typography styledComponents__Subtitle-sc-tz062a-0 fPbHyn"
        >
          Settings
        </h4>
      </div>
      <div
        class="ant-col ant-col-4"
      >
        <div
          class="ant-form-item"
        >
          <div
            class="ant-row ant-form-item-row"
          >
            <div
              class="ant-col ant-form-item-label"
            >
              <label
                class=""
                title="Service Name:"
              >
                Service Name
              </label>
            </div>
            <div
              class="ant-col ant-form-item-control"
            >
              <div
                class="ant-form-item-control-input"
              >
                <div
                  class="ant-form-item-control-input-content"
                >
                  DPSK 1
                </div>
              </div>
            </div>
          </div>
        </div>
      </div>
      <div
        class="ant-col ant-col-4"
      >
        <div
          class="ant-form-item"
        >
          <div
            class="ant-row ant-form-item-row"
          >
            <div
              class="ant-col ant-form-item-label"
            >
              <label
                class=""
                title="Passphrase Format:"
              >
                Passphrase Format
              </label>
            </div>
            <div
              class="ant-col ant-form-item-control"
            >
              <div
                class="ant-form-item-control-input"
              >
                <div
                  class="ant-form-item-control-input-content"
                >
                  Most Secured
                </div>
              </div>
            </div>
          </div>
        </div>
      </div>
      <div
        class="ant-col ant-col-4"
      >
        <div
          class="ant-form-item"
        >
          <div
            class="ant-row ant-form-item-row"
          >
            <div
              class="ant-col ant-form-item-label"
            >
              <label
                class=""
                title="Passphrase Length:"
              >
                Passphrase Length
              </label>
            </div>
            <div
              class="ant-col ant-form-item-control"
            >
              <div
                class="ant-form-item-control-input"
              >
                <div
                  class="ant-form-item-control-input-content"
                >
                  18 Characters
                </div>
              </div>
            </div>
          </div>
        </div>
      </div>
      <div
        class="ant-col ant-col-24"
      >
        <div
          class="ant-form-item"
        >
          <div
            class="ant-row ant-form-item-row"
          >
            <div
              class="ant-col ant-form-item-label"
            >
              <label
                class=""
                title="Passphrase Expiration:"
              >
                Passphrase Expiration
              </label>
            </div>
            <div
              class="ant-col ant-form-item-control"
            >
              <div
                class="ant-form-item-control-input"
              >
                <div
                  class="ant-form-item-control-input-content"
                >
                  1 day
                </div>
              </div>
            </div>
          </div>
        </div>
      </div>
    </div>
  </form>
</DocumentFragment>
`;
