// Jest Snapshot v1, https://goo.gl/fbAQLP

exports[`Analytics dumb header should render correctly 1`] = `
<DocumentFragment>
  <div
    class="styledComponents__Wrapper-sc-xov27h-0 ksnkIr"
  >
    <div
      class="ant-page-header has-breadcrumb has-footer ant-page-header-ghost"
    >
      <nav
        class="ant-breadcrumb"
      >
        <ol>
          <li>
            <span
              class="ant-breadcrumb-link"
            >
              <a
                href="/t/undefined/link"
              >
                page
              </a>
            </span>
            <span
              class="ant-breadcrumb-separator"
            >
              /
            </span>
          </li>
          <li>
            <span
              class="ant-breadcrumb-link"
            >
               
            </span>
            <span
              class="ant-breadcrumb-separator"
            >
              /
            </span>
          </li>
        </ol>
      </nav>
      <div
        class="ant-page-header-heading"
      >
        <div
          class="ant-page-header-heading-left"
        >
          <span
            class="ant-page-header-heading-title"
          >
            <h1
              class="ant-typography"
            >
              title
            </h1>
          </span>
        </div>
      </div>
      <div
        class="ant-page-header-footer"
      >
        <span
          title="1"
        >
          1: 1  |  
        </span>
        <span
          title="1, 2"
        >
          12: 1(2)
        </span>
      </div>
    </div>
  </div>
  <div
    class="styledComponents__Spacer-sc-xov27h-1 ikA-dJH"
  />
   
</DocumentFragment>
`;
