// Jest Snapshot v1, https://goo.gl/fbAQLP

exports[`EventsHistory should render correctly with out search params 1`] = `
<DocumentFragment>
  <div
    class="styledComponents__History-sc-19v1jp2-0 heDYrQ"
  >
    <div
      class="styledComponents__HistoryHeader-sc-19v1jp2-1 vMPEN"
    >
      <span
        class="styledComponents__HistoryContentTitle-sc-19v1jp2-3 RRBeR"
      >
        History
      </span>
      <span
        class="styledComponents__HistoryIcon-sc-19v1jp2-4 hUXloY"
      >
        <svg
          data-testid="ArrowExpand"
          style="transform: rotate(180deg); cursor: pointer; line-height: 20px;"
        />
      </span>
    </div>
    <div
      class="styledComponents__HistoryContent-sc-19v1jp2-2 lkacjU"
    >
      <div
        class="ant-list ant-list-split"
      >
        <div
          class="ant-spin-nested-loading"
        >
          <div
            class="ant-spin-container"
          >
            <ul
              class="ant-list-items"
            >
              <li
                class="ant-list-item"
              >
                <div
                  class="ant-list-item-meta"
                >
                  <div
                    class="ant-list-item-meta-avatar"
                  >
                    <span
                      class="styledComponents__EventTypeIcon-sc-19v1jp2-5 ddmeRw"
                      color="--acx-semantics-green-50"
                    />
                  </div>
                  <div
                    class="ant-list-item-meta-content"
                  >
                    <h4
                      class="ant-list-item-meta-title"
                    >
                      06/07/2022 11:21:48
                    </h4>
                    <div
                      class="ant-list-item-meta-description"
                    >
                      Infrastructure (Service availabilty)
                    </div>
                  </div>
                </div>
              </li>
              <li
                class="ant-list-item"
              >
                <div
                  class="ant-list-item-meta"
                >
                  <div
                    class="ant-list-item-meta-avatar"
                  >
                    <span
                      class="styledComponents__EventTypeIcon-sc-19v1jp2-5 lijlsJ"
                      color="--acx-neutrals-50"
                    />
                  </div>
                  <div
                    class="ant-list-item-meta-content"
                  >
                    <h4
                      class="ant-list-item-meta-title"
                    >
                      06/07/2022 11:21:48
                    </h4>
                    <div
                      class="ant-list-item-meta-description"
                    >
                      Client assiocated (802.11) @ Home_R860 (AA:BB:CC:DD:FF:GG)
                    </div>
                  </div>
                </div>
              </li>
              <li
                class="ant-list-item"
              >
                <div
                  class="ant-list-item-meta"
                >
                  <div
                    class="ant-list-item-meta-avatar"
                  >
                    <span
                      class="styledComponents__IncidentEvent-sc-19v1jp2-6 iuUQmO"
                      color="--acx-semantics-red-50"
                    >
                      P1
                    </span>
                  </div>
                  <div
                    class="ant-list-item-meta-content"
                  >
                    <h4
                      class="ant-list-item-meta-title"
                    >
                      06/07/2022 11:21:48
                    </h4>
                    <div
                      class="ant-list-item-meta-description"
                    >
                      Client assiocated (802.11) @ Home_R860 (AA:BB:CC:DD:FF:GG)
                    </div>
                  </div>
                </div>
              </li>
            </ul>
          </div>
        </div>
      </div>
    </div>
  </div>
</DocumentFragment>
`;
