// Jest Snapshot v1, https://goo.gl/fbAQLP

exports[`ExpirationDateSelector should render the selector 1`] = `
<DocumentFragment>
  .c0 {
  display: grid;
  grid-template-columns: auto;
  grid-column-gap: 20px;
  height: auto;
  min-height: 45px;
  -webkit-align-content: start;
  -ms-flex-line-pack: start;
  align-content: start;
}

.c1 {
  display: grid;
  grid-template-columns: 140px 1fr;
  grid-column-gap: 20px;
  height: auto;
  min-height: 45px;
  -webkit-align-content: start;
  -ms-flex-line-pack: start;
  align-content: start;
}

.c2 {
  display: grid;
  grid-template-columns: 140px auto 120px;
  grid-column-gap: 20px;
  height: auto;
  min-height: 45px;
  -webkit-align-content: start;
  -ms-flex-line-pack: start;
  align-content: start;
}

<form
    class="ant-form ant-form-horizontal"
  >
    <div
      class="ant-form-item"
      style="height: auto;"
    >
      <div
        class="ant-row ant-form-item-row"
      >
        <div
          class="ant-col ant-form-item-label"
        >
          <label
            class="ant-form-item-required"
            for="expirationDate_mode"
            title="Expiration"
          >
            Expiration
          </label>
        </div>
        <div
          class="ant-col ant-form-item-control"
        >
          <div
            class="ant-form-item-control-input"
          >
            <div
              class="ant-form-item-control-input-content"
            >
              <div
                class="ant-radio-group ant-radio-group-outline"
                id="expirationDate_mode"
              >
                <div
                  class="c0"
                >
                  <label
                    class="ant-radio-wrapper ant-radio-wrapper-checked ant-radio-wrapper-in-form-item"
                  >
                    <span
                      class="ant-radio ant-radio-checked"
                    >
                      <input
                        checked=""
                        class="ant-radio-input"
                        type="radio"
                        value="NEVER"
                      />
                      <span
                        class="ant-radio-inner"
                      />
                    </span>
                    <span>
                      Never expires
                    </span>
                  </label>
                </div>
                <div
                  class="c1"
                >
                  <label
                    class="ant-radio-wrapper ant-radio-wrapper-in-form-item"
                  >
                    <span
                      class="ant-radio"
                    >
                      <input
                        class="ant-radio-input"
                        type="radio"
                        value="BY_DATE"
                      />
                      <span
                        class="ant-radio-inner"
                      />
                    </span>
                    <span>
                      By date
                    </span>
                  </label>
                </div>
                <div
                  class="c2"
                >
                  <label
                    class="ant-radio-wrapper ant-radio-wrapper-in-form-item"
                  >
                    <span
                      class="ant-radio"
                    >
                      <input
                        class="ant-radio-input"
                        type="radio"
                        value="AFTER_TIME"
                      />
                      <span
                        class="ant-radio-inner"
                      />
                    </span>
                    <span>
                      After...
                    </span>
                  </label>
                </div>
              </div>
            </div>
          </div>
        </div>
      </div>
    </div>
  </form>
</DocumentFragment>
`;
