// Jest Snapshot v1, https://goo.gl/fbAQLP

exports[`incident details should render Incident Details Page correctly 1`] = `
<DocumentFragment>
  <div
    class="styledComponents__Wrapper-sc-1352uh8-0 ekDfta"
  >
    <div
      class="styledComponents__FallbackWrapper-sc-1352uh8-1 cnmeaO"
    >
      <span
        aria-label="loader"
        role="img"
      >
        <div
          aria-busy="true"
          aria-live="polite"
          class="ant-spin ant-spin-lg ant-spin-spinning"
        >
          <span
            class="ant-spin-dot ant-spin-dot-spin"
          >
            <i
              class="ant-spin-dot-item"
            />
            <i
              class="ant-spin-dot-item"
            />
            <i
              class="ant-spin-dot-item"
            />
            <i
              class="ant-spin-dot-item"
            />
          </span>
        </div>
      </span>
    </div>
  </div>
</DocumentFragment>
`;

exports[`incident details should render Incident Details correctly 1`] = `
<DocumentFragment>
  <div
    class="styledComponents__Wrapper-sc-xov27h-0 ixsJrS"
  >
    <div
      class="ant-page-header has-breadcrumb ant-page-header-ghost"
    >
      <nav
        class="ant-breadcrumb"
      >
        <ol>
          <li>
            <span
              class="ant-breadcrumb-link"
            >
              <a
                href="/t/undefined/analytics"
              >
                AI Analytics
              </a>
            </span>
            <span
              class="ant-breadcrumb-separator"
            >
              /
            </span>
          </li>
          <li>
            <span
              class="ant-breadcrumb-link"
            >
              <a
                href="/t/undefined/analytics/incidents"
              >
                Incidents
              </a>
            </span>
            <span
              class="ant-breadcrumb-separator"
            >
              /
            </span>
          </li>
          <li>
            <span
              class="ant-breadcrumb-link"
            >
               
            </span>
            <span
              class="ant-breadcrumb-separator"
            >
              /
            </span>
          </li>
        </ol>
      </nav>
      <div
        class="ant-page-header-heading"
      >
        <div
          class="ant-page-header-heading-left"
        >
          <span
            class="ant-page-header-heading-title"
          >
            <h1
              class="ant-typography"
            >
              Incident Details
            </h1>
            <div
              class="styledComponents__SideHeader-sc-xov27h-2 iXwvey"
            >
              <span
                class="styledComponents__Pill-sc-j61ge1-0 hWnMmO"
              >
                P3
              </span>
            </div>
          </span>
          <span
            class="ant-page-header-heading-sub-title"
          >
            EAP failures are unusually high in Access Point: RuckusAP (70:CA:97:01:A0:C0)
          </span>
        </div>
      </div>
    </div>
  </div>
  <div
    class="ant-row"
  >
    <div>
      <div
        class=""
      >
        <div
          class="ant-anchor-wrapper syledComponents__LeftColumn-sc-qdn9ny-0 jzXElC"
          style="max-height: calc(100vh - 200px);"
        >
          <div
            class="ant-anchor"
          >
            <div
              class="ant-anchor-ink"
            >
              <span
                class="ant-anchor-ink-ball"
              />
            </div>
            <div
              class="styledComponents__Wrapper-sc-1627zcn-1 hxiQJS"
            >
              <div
                class="ant-descriptions"
              >
                <div
                  class="ant-descriptions-view"
                >
                  <table>
                    <tbody>
                      <tr
                        class="ant-descriptions-row"
                      >
                        <th
                          class="ant-descriptions-item"
                          colspan="1"
                        >
                          <div
                            class="ant-descriptions-item-container"
                          >
                            <span
                              class="ant-descriptions-item-label"
                            >
                              Client Impact Count
                            </span>
                          </div>
                        </th>
                      </tr>
                      <tr
                        class="ant-descriptions-row"
                      >
                        <td
                          class="ant-descriptions-item"
                          colspan="1"
                        >
                          <div
                            class="ant-descriptions-item-container"
                          >
                            <span
                              class="ant-descriptions-item-content"
                            >
                              <div
                                class="styledComponents__Row-sc-1627zcn-0 hprNyK"
                              >
                                5 of 27 clients (18.52%)
                              </div>
                            </span>
                          </div>
                        </td>
                      </tr>
                      <tr
                        class="ant-descriptions-row"
                      >
                        <th
                          class="ant-descriptions-item"
                          colspan="1"
                        >
                          <div
                            class="ant-descriptions-item-container"
                          >
                            <span
                              class="ant-descriptions-item-label"
                            >
                              Incident Category
                            </span>
                          </div>
                        </th>
                      </tr>
                      <tr
                        class="ant-descriptions-row"
                      >
                        <td
                          class="ant-descriptions-item"
                          colspan="1"
                        >
                          <div
                            class="ant-descriptions-item-container"
                          >
                            <span
                              class="ant-descriptions-item-content"
                            >
                              <div
                                class="styledComponents__Row-sc-1627zcn-0"
                                title="Connection"
                              >
                                Connection
                              </div>
                            </span>
                          </div>
                        </td>
                      </tr>
                      <tr
                        class="ant-descriptions-row"
                      >
                        <th
                          class="ant-descriptions-item"
                          colspan="1"
                        >
                          <div
                            class="ant-descriptions-item-container"
                          >
                            <span
                              class="ant-descriptions-item-label"
                            >
                              Incident Sub-Category
                            </span>
                          </div>
                        </th>
                      </tr>
                      <tr
                        class="ant-descriptions-row"
                      >
                        <td
                          class="ant-descriptions-item"
                          colspan="1"
                        >
                          <div
                            class="ant-descriptions-item-container"
                          >
                            <span
                              class="ant-descriptions-item-content"
                            >
                              <div
                                class="styledComponents__Row-sc-1627zcn-0"
                                title="EAP"
                              >
                                EAP
                              </div>
                            </span>
                          </div>
                        </td>
                      </tr>
                      <tr
                        class="ant-descriptions-row"
                      >
                        <th
                          class="ant-descriptions-item"
                          colspan="1"
                        >
                          <div
                            class="ant-descriptions-item-container"
                          >
                            <span
                              class="ant-descriptions-item-label"
                            >
                              Type
                            </span>
                          </div>
                        </th>
                      </tr>
                      <tr
                        class="ant-descriptions-row"
                      >
                        <td
                          class="ant-descriptions-item"
                          colspan="1"
                        >
                          <div
                            class="ant-descriptions-item-container"
                          >
                            <span
                              class="ant-descriptions-item-content"
                            >
                              <div
                                class="styledComponents__Row-sc-1627zcn-0"
                                title="Access Point"
                              >
                                Access Point
                              </div>
                            </span>
                          </div>
                        </td>
                      </tr>
                      <tr
                        class="ant-descriptions-row"
                      >
                        <th
                          class="ant-descriptions-item"
                          colspan="1"
                        >
                          <div
                            class="ant-descriptions-item-container"
                          >
                            <span
                              class="ant-descriptions-item-label"
                            >
                              Scope
                            </span>
                          </div>
                        </th>
                      </tr>
                      <tr
                        class="ant-descriptions-row"
                      >
                        <td
                          class="ant-descriptions-item"
                          colspan="1"
                        >
                          <div
                            class="ant-descriptions-item-container"
                          >
                            <span
                              class="ant-descriptions-item-content"
                            >
                              <div
                                class="styledComponents__Row-sc-1627zcn-0"
                                title="Edu2-vSZ-52 (system)
> Edu2-611-Mesh (Venue)
> 255_Edu2-611-group (AP Group)
> RuckusAP (70:CA:97:01:A0:C0) (Access Point)"
                              >
                                RuckusAP (70:CA:97:01:A0:C0)
                              </div>
                            </span>
                          </div>
                        </td>
                      </tr>
                      <tr
                        class="ant-descriptions-row"
                      >
                        <th
                          class="ant-descriptions-item"
                          colspan="1"
                        >
                          <div
                            class="ant-descriptions-item-container"
                          >
                            <span
                              class="ant-descriptions-item-label"
                            >
                              Duration
                            </span>
                          </div>
                        </th>
                      </tr>
                      <tr
                        class="ant-descriptions-row"
                      >
                        <td
                          class="ant-descriptions-item"
                          colspan="1"
                        >
                          <div
                            class="ant-descriptions-item-container"
                          >
                            <span
                              class="ant-descriptions-item-content"
                            >
                              <div
                                class="styledComponents__Row-sc-1627zcn-0"
                                title="21h 27m"
                              >
                                21h 27m
                              </div>
                            </span>
                          </div>
                        </td>
                      </tr>
                      <tr
                        class="ant-descriptions-row"
                      >
                        <th
                          class="ant-descriptions-item"
                          colspan="1"
                        >
                          <div
                            class="ant-descriptions-item-container"
                          >
                            <span
                              class="ant-descriptions-item-label"
                            >
                              Event Start Time
                            </span>
                          </div>
                        </th>
                      </tr>
                      <tr
                        class="ant-descriptions-row"
                      >
                        <td
                          class="ant-descriptions-item"
                          colspan="1"
                        >
                          <div
                            class="ant-descriptions-item-container"
                          >
                            <span
                              class="ant-descriptions-item-content"
                            >
                              <div
                                class="styledComponents__Row-sc-1627zcn-0"
                                title="Jul 19 2022 13:15"
                              >
                                Jul 19 2022 13:15
                              </div>
                            </span>
                          </div>
                        </td>
                      </tr>
                      <tr
                        class="ant-descriptions-row"
                      >
                        <th
                          class="ant-descriptions-item"
                          colspan="1"
                        >
                          <div
                            class="ant-descriptions-item-container"
                          >
                            <span
                              class="ant-descriptions-item-label"
                            >
                              Event End Time
                            </span>
                          </div>
                        </th>
                      </tr>
                      <tr
                        class="ant-descriptions-row"
                      >
                        <td
                          class="ant-descriptions-item"
                          colspan="1"
                        >
                          <div
                            class="ant-descriptions-item-container"
                          >
                            <span
                              class="ant-descriptions-item-content"
                            >
                              <div
                                class="styledComponents__Row-sc-1627zcn-0"
                                title="Jul 20 2022 10:42"
                              >
                                Jul 20 2022 10:42
                              </div>
                            </span>
                          </div>
                        </td>
                      </tr>
                    </tbody>
                  </table>
                </div>
              </div>
            </div>
          </div>
        </div>
      </div>
    </div>
    <div
      class="ant-col"
    >
      <div
        class="ant-row"
        style="margin: -10px -10px -10px -10px;"
      >
        <div
          class="ant-col ant-col-24"
          style="padding: 10px 10px 10px 10px;"
        >
          <div>
            Insights
          </div>
        </div>
        <div
          class="ant-col ant-col-24"
          style="padding: 10px 10px 10px 10px;"
        >
          <div>
            network impact
          </div>
        </div>
        <div
          class="ant-col ant-col-24"
          style="padding: 10px 10px 10px 10px;"
        >
          <div>
            time series section
          </div>
        </div>
      </div>
    </div>
  </div>
</DocumentFragment>
`;
